
> lifesim-gsl@1.0.0 test
> jest SaveService

node.exe : FAIL src/service
s/__tests__/SaveService.tes
t.ts
строка:1 знак:1
+ & "C:\Program Files\nodej
s/node.exe" "C:\Program Fil
es\nodejs/node_mo ...
+ ~~~~~~~~~~~~~~~~~~~~~~~~~
~~~~~~~~~~~~~~~~~~~~~~~~~~~
~~~~~~~~~~~~~~~~~
    + CategoryInfo         
     : NotSpecified: (FAI  
  L src/servic...Service   
 .test.ts:String) [], R    
emoteException
    + FullyQualifiedErrorI 
   d : NativeCommandError
 
  тЧП Test suite failed to 
run

    [96msrc/services/SaveS
ervice.ts[0m:[93m74[0m:
[93m38[0m - [91merror[0m
[90m TS2345: [0mArgument 
of type '{ name: string; ag
e: number; health: number; 
happiness: number; wealth: 
number; skills: number; cou
ntry: string; birthYear: nu
mber; isAlive: boolean; pro
fession?: string | null | u
ndefined; deathCause?: stri
ng | ... 1 more ... | undef
ined; avatarUrl?: string | 
... 1 more ... | undefined;
 history?: { ...; }[] | und
ef...' is not assignable to
 parameter of type 'Charact
er'.
      Types of property 'pr
ofession' are incompatible.
        Type 'string | null
 | undefined' is not assign
able to type 'string | null
'.
          Type 'undefined' 
is not assignable to type '
string | null'.

    [7m74[0m       return
 await this.save(slotId, cu
rrentSave.character, gameSt
ate);
    [7m  [0m [91m       
                           
   ~~~~~~~~~~~~~~~~~~~~~[0
m

Test Suites: 1 failed, 1 to
tal
Tests:       0 total
Snapshots:   0 total
Time:        8.594 s
Ran all test suites matchin
g SaveService.
